Copyright 1986-2019 Xilinx, Inc. All Rights Reserved.
--------------------------------------------------------------------------------------------
| Tool Version : Vivado v.2019.1 (win64) Build 2552052 Fri May 24 14:49:42 MDT 2019
| Date         : Thu Nov  7 21:56:15 2019
| Host         : LAPTOP-SR0LD7J6 running 64-bit major release  (build 9200)
| Command      : report_control_sets -verbose -file Color_Detection_control_sets_placed.rpt
| Design       : Color_Detection
| Device       : xc7a35t
--------------------------------------------------------------------------------------------

Control Set Information

Table of Contents
-----------------
1. Summary
2. Histogram
3. Flip-Flop Distribution
4. Detailed Control Set Information

1. Summary
----------

+----------------------------------------------------------+-------+
|                          Status                          | Count |
+----------------------------------------------------------+-------+
| Total control sets                                       |    38 |
|    Minimum number of control sets                        |    38 |
|    Addition due to synthesis replication                 |     0 |
|    Addition due to physical synthesis replication        |     0 |
| Unused register locations in slices containing registers |    63 |
+----------------------------------------------------------+-------+
* Control sets can be merged at opt_design using control_set_merge or merge_equivalent_drivers
** Run report_qor_suggestions for automated merging and remapping suggestions


2. Histogram
------------

+--------------------+-------+
|       Fanout       | Count |
+--------------------+-------+
| Total control sets |    38 |
| >= 0 to < 4        |     0 |
| >= 4 to < 6        |    13 |
| >= 6 to < 8        |     0 |
| >= 8 to < 10       |    23 |
| >= 10 to < 12      |     0 |
| >= 12 to < 14      |     0 |
| >= 14 to < 16      |     0 |
| >= 16              |     2 |
+--------------------+-------+
* Control sets can be remapped at either synth_design or opt_design


3. Flip-Flop Distribution
-------------------------

+--------------+-----------------------+------------------------+-----------------+--------------+
| Clock Enable | Synchronous Set/Reset | Asynchronous Set/Reset | Total Registers | Total Slices |
+--------------+-----------------------+------------------------+-----------------+--------------+
| No           | No                    | No                     |             228 |           88 |
| No           | No                    | Yes                    |               0 |            0 |
| No           | Yes                   | No                     |               0 |            0 |
| Yes          | No                    | No                     |              85 |           33 |
| Yes          | No                    | Yes                    |               0 |            0 |
| Yes          | Yes                   | No                     |             168 |           72 |
+--------------+-----------------------+------------------------+-----------------+--------------+


4. Detailed Control Set Information
-----------------------------------

+------------------+-------------------------------------------------------------------------------------------------------------------------------------------------------------------------------------------+--------------------------------------------------------------------------------------------------------------------------+------------------+----------------+
|   Clock Signal   |                                                                                       Enable Signal                                                                                       |                                                     Set/Reset Signal                                                     | Slice Load Count | Bel Load Count |
+------------------+-------------------------------------------------------------------------------------------------------------------------------------------------------------------------------------------+--------------------------------------------------------------------------------------------------------------------------+------------------+----------------+
|  clock_IBUF_BUFG | fuchsia[3]_i_1_n_0                                                                                                                                                                        |                                                                                                                          |                1 |              4 |
|  clock_IBUF_BUFG | green[3]_i_1_n_0                                                                                                                                                                          |                                                                                                                          |                1 |              4 |
|  clock_IBUF_BUFG | maroon[3]_i_1_n_0                                                                                                                                                                         |                                                                                                                          |                1 |              4 |
|  clock_IBUF_BUFG | lime[3]_i_1_n_0                                                                                                                                                                           |                                                                                                                          |                1 |              4 |
|  clock_IBUF_BUFG | olive[3]_i_1_n_0                                                                                                                                                                          |                                                                                                                          |                1 |              4 |
|  clock_IBUF_BUFG | purple[3]_i_1_n_0                                                                                                                                                                         |                                                                                                                          |                1 |              4 |
|  clock_IBUF_BUFG | navy[3]_i_1_n_0                                                                                                                                                                           |                                                                                                                          |                1 |              4 |
|  clock_IBUF_BUFG | red[3]_i_1_n_0                                                                                                                                                                            |                                                                                                                          |                2 |              4 |
|  clock_IBUF_BUFG | silver[3]_i_1_n_0                                                                                                                                                                         |                                                                                                                          |                1 |              4 |
|  clock_IBUF_BUFG | teal[3]_i_1_n_0                                                                                                                                                                           |                                                                                                                          |                1 |              4 |
|  clock_IBUF_BUFG | yellow[3]_i_1_n_0                                                                                                                                                                         |                                                                                                                          |                2 |              4 |
|  clock_IBUF_BUFG | aqua[3]_i_1_n_0                                                                                                                                                                           |                                                                                                                          |                1 |              4 |
|  clock_IBUF_BUFG | blue[3]_i_1_n_0                                                                                                                                                                           |                                                                                                                          |                3 |              4 |
|  clock_IBUF_BUFG | inst1/U0/inst_blk_mem_gen/gnbram.gnativebmg.native_blk_mem_gen/valid.cstr/ramloop[10].ram.r/prim_init.ram/DEVICE_7SERIES.NO_BMM_INFO.SP.SIMPLE_PRIM36.ram_REGCEAREGCE_cooolgate_en_sig_3  | inst1/U0/inst_blk_mem_gen/gnbram.gnativebmg.native_blk_mem_gen/valid.cstr/has_mux_a.A/douta[6]_INST_0_i_6_psbram_and_n   |                4 |              8 |
|  clock_IBUF_BUFG | inst1/U0/inst_blk_mem_gen/gnbram.gnativebmg.native_blk_mem_gen/valid.cstr/ramloop[18].ram.r/prim_init.ram/DEVICE_7SERIES.NO_BMM_INFO.SP.SIMPLE_PRIM36.ram_REGCEAREGCE_cooolgate_en_sig_20 | inst1/U0/inst_blk_mem_gen/gnbram.gnativebmg.native_blk_mem_gen/valid.cstr/has_mux_a.A/douta[6]_INST_0_i_8_psbram_and_n_1 |                3 |              8 |
|  clock_IBUF_BUFG | ct9_out                                                                                                                                                                                   |                                                                                                                          |                3 |              8 |
|  clock_IBUF_BUFG | in                                                                                                                                                                                        |                                                                                                                          |                3 |              8 |
|  clock_IBUF_BUFG | inst1/U0/inst_blk_mem_gen/gnbram.gnativebmg.native_blk_mem_gen/valid.cstr/ramloop[0].ram.r/prim_init.ram/DEVICE_7SERIES.NO_BMM_INFO.SP.SIMPLE_PRIM36.ram_REGCEAREGCE_cooolgate_en_sig_1   | inst1/U0/inst_blk_mem_gen/gnbram.gnativebmg.native_blk_mem_gen/valid.cstr/has_mux_a.A/douta[6]_INST_0_i_4_psbram_and_n_3 |                3 |              8 |
|  clock_IBUF_BUFG | inst1/U0/inst_blk_mem_gen/gnbram.gnativebmg.native_blk_mem_gen/valid.cstr/ramloop[4].ram.r/prim_init.ram/DEVICE_7SERIES.NO_BMM_INFO.SP.SIMPLE_PRIM36.ram_REGCEAREGCE_cooolgate_en_sig_2   | inst1/U0/inst_blk_mem_gen/gnbram.gnativebmg.native_blk_mem_gen/valid.cstr/has_mux_a.A/douta[6]_INST_0_i_5_psbram_and_n_2 |                3 |              8 |
|  clock_IBUF_BUFG | inst1/U0/inst_blk_mem_gen/gnbram.gnativebmg.native_blk_mem_gen/valid.cstr/ramloop[17].ram.r/prim_init.ram/DEVICE_7SERIES.NO_BMM_INFO.SP.SIMPLE_PRIM36.ram_REGCEAREGCE_cooolgate_en_sig_19 | inst1/U0/inst_blk_mem_gen/gnbram.gnativebmg.native_blk_mem_gen/valid.cstr/has_mux_a.A/douta[6]_INST_0_i_8_psbram_and_n   |                6 |              8 |
|  clock_IBUF_BUFG | inst1/U0/inst_blk_mem_gen/gnbram.gnativebmg.native_blk_mem_gen/valid.cstr/ramloop[11].ram.r/prim_init.ram/DEVICE_7SERIES.NO_BMM_INFO.SP.SIMPLE_PRIM36.ram_REGCEAREGCE_cooolgate_en_sig_5  | inst1/U0/inst_blk_mem_gen/gnbram.gnativebmg.native_blk_mem_gen/valid.cstr/has_mux_a.A/douta[6]_INST_0_i_6_psbram_and_n_2 |                4 |              8 |
|  clock_IBUF_BUFG | inst1/U0/inst_blk_mem_gen/gnbram.gnativebmg.native_blk_mem_gen/valid.cstr/ramloop[14].ram.r/prim_init.ram/DEVICE_7SERIES.NO_BMM_INFO.SP.SIMPLE_PRIM36.ram_REGCEAREGCE_cooolgate_en_sig_4  | inst1/U0/inst_blk_mem_gen/gnbram.gnativebmg.native_blk_mem_gen/valid.cstr/has_mux_a.A/douta[6]_INST_0_i_7_psbram_and_n_3 |                3 |              8 |
|  clock_IBUF_BUFG | inst1/U0/inst_blk_mem_gen/gnbram.gnativebmg.native_blk_mem_gen/valid.cstr/ramloop[8].ram.r/prim_init.ram/DEVICE_7SERIES.NO_BMM_INFO.SP.SIMPLE_PRIM36.ram_REGCEAREGCE_cooolgate_en_sig_8   | inst1/U0/inst_blk_mem_gen/gnbram.gnativebmg.native_blk_mem_gen/valid.cstr/has_mux_a.A/douta[6]_INST_0_i_6_psbram_and_n_3 |                3 |              8 |
|  clock_IBUF_BUFG | inst1/U0/inst_blk_mem_gen/gnbram.gnativebmg.native_blk_mem_gen/valid.cstr/ramloop[15].ram.r/prim_init.ram/DEVICE_7SERIES.NO_BMM_INFO.SP.SIMPLE_PRIM36.ram_REGCEAREGCE_cooolgate_en_sig_6  | inst1/U0/inst_blk_mem_gen/gnbram.gnativebmg.native_blk_mem_gen/valid.cstr/has_mux_a.A/douta[6]_INST_0_i_7_psbram_and_n_1 |                4 |              8 |
|  clock_IBUF_BUFG | inst1/U0/inst_blk_mem_gen/gnbram.gnativebmg.native_blk_mem_gen/valid.cstr/ramloop[12].ram.r/prim_init.ram/DEVICE_7SERIES.NO_BMM_INFO.SP.SIMPLE_PRIM36.ram_REGCEAREGCE_cooolgate_en_sig_7  | inst1/U0/inst_blk_mem_gen/gnbram.gnativebmg.native_blk_mem_gen/valid.cstr/has_mux_a.A/douta[6]_INST_0_i_7_psbram_and_n   |                3 |              8 |
|  clock_IBUF_BUFG | inst1/U0/inst_blk_mem_gen/gnbram.gnativebmg.native_blk_mem_gen/valid.cstr/ramloop[16].ram.r/prim_init.ram/DEVICE_7SERIES.NO_BMM_INFO.SP.SIMPLE_PRIM36.ram_REGCEAREGCE_cooolgate_en_sig_11 | inst1/U0/inst_blk_mem_gen/gnbram.gnativebmg.native_blk_mem_gen/valid.cstr/has_mux_a.A/douta[6]_INST_0_i_8_psbram_and_n_3 |                3 |              8 |
|  clock_IBUF_BUFG | inst1/U0/inst_blk_mem_gen/gnbram.gnativebmg.native_blk_mem_gen/valid.cstr/ramloop[13].ram.r/prim_init.ram/DEVICE_7SERIES.NO_BMM_INFO.SP.SIMPLE_PRIM36.ram_REGCEAREGCE_cooolgate_en_sig_9  | inst1/U0/inst_blk_mem_gen/gnbram.gnativebmg.native_blk_mem_gen/valid.cstr/has_mux_a.A/douta[6]_INST_0_i_7_psbram_and_n_2 |                2 |              8 |
|  clock_IBUF_BUFG | inst1/U0/inst_blk_mem_gen/gnbram.gnativebmg.native_blk_mem_gen/valid.cstr/ramloop[9].ram.r/prim_init.ram/DEVICE_7SERIES.NO_BMM_INFO.SP.SIMPLE_PRIM36.ram_REGCEAREGCE_cooolgate_en_sig_10  | inst1/U0/inst_blk_mem_gen/gnbram.gnativebmg.native_blk_mem_gen/valid.cstr/has_mux_a.A/douta[6]_INST_0_i_6_psbram_and_n_1 |                2 |              8 |
|  clock_IBUF_BUFG | inst1/U0/inst_blk_mem_gen/gnbram.gnativebmg.native_blk_mem_gen/valid.cstr/ramloop[5].ram.r/prim_init.ram/DEVICE_7SERIES.NO_BMM_INFO.SP.SIMPLE_PRIM36.ram_REGCEAREGCE_cooolgate_en_sig_14  | inst1/U0/inst_blk_mem_gen/gnbram.gnativebmg.native_blk_mem_gen/valid.cstr/has_mux_a.A/douta[6]_INST_0_i_5_psbram_and_n_3 |                3 |              8 |
|  clock_IBUF_BUFG | inst1/U0/inst_blk_mem_gen/gnbram.gnativebmg.native_blk_mem_gen/valid.cstr/ramloop[1].ram.r/prim_init.ram/DEVICE_7SERIES.NO_BMM_INFO.SP.SIMPLE_PRIM36.ram_REGCEAREGCE_cooolgate_en_sig_13  | inst1/U0/inst_blk_mem_gen/gnbram.gnativebmg.native_blk_mem_gen/valid.cstr/has_mux_a.A/douta[6]_INST_0_i_4_psbram_and_n_2 |                2 |              8 |
|  clock_IBUF_BUFG | inst1/U0/inst_blk_mem_gen/gnbram.gnativebmg.native_blk_mem_gen/valid.cstr/ramloop[3].ram.r/prim_init.ram/DEVICE_7SERIES.NO_BMM_INFO.SP.SIMPLE_PRIM36.ram_REGCEAREGCE_cooolgate_en_sig_17  | inst1/U0/inst_blk_mem_gen/gnbram.gnativebmg.native_blk_mem_gen/valid.cstr/has_mux_a.A/douta[6]_INST_0_i_4_psbram_and_n   |                5 |              8 |
|  clock_IBUF_BUFG | inst1/U0/inst_blk_mem_gen/gnbram.gnativebmg.native_blk_mem_gen/valid.cstr/ramloop[2].ram.r/prim_init.ram/DEVICE_7SERIES.NO_BMM_INFO.SP.SIMPLE_PRIM36.ram_REGCEAREGCE_cooolgate_en_sig_15  | inst1/U0/inst_blk_mem_gen/gnbram.gnativebmg.native_blk_mem_gen/valid.cstr/has_mux_a.A/douta[6]_INST_0_i_4_psbram_and_n_1 |                3 |              8 |
|  clock_IBUF_BUFG | inst1/U0/inst_blk_mem_gen/gnbram.gnativebmg.native_blk_mem_gen/valid.cstr/ramloop[20].ram.r/prim_init.ram/DEVICE_7SERIES.NO_BMM_INFO.SP.SIMPLE_PRIM36.ram_REGCEAREGCE_cooolgate_en_sig_12 | inst1/U0/inst_blk_mem_gen/gnbram.gnativebmg.native_blk_mem_gen/valid.cstr/has_mux_a.A/douta[6]_INST_0_i_9_psbram_and_n   |                3 |              8 |
|  clock_IBUF_BUFG | inst1/U0/inst_blk_mem_gen/gnbram.gnativebmg.native_blk_mem_gen/valid.cstr/ramloop[6].ram.r/prim_init.ram/DEVICE_7SERIES.NO_BMM_INFO.SP.SIMPLE_PRIM36.ram_REGCEAREGCE_cooolgate_en_sig_16  | inst1/U0/inst_blk_mem_gen/gnbram.gnativebmg.native_blk_mem_gen/valid.cstr/has_mux_a.A/douta[6]_INST_0_i_5_psbram_and_n_1 |                5 |              8 |
|  clock_IBUF_BUFG | inst1/U0/inst_blk_mem_gen/gnbram.gnativebmg.native_blk_mem_gen/valid.cstr/ramloop[7].ram.r/prim_init.ram/DEVICE_7SERIES.NO_BMM_INFO.SP.SIMPLE_PRIM36.ram_REGCEAREGCE_cooolgate_en_sig_18  | inst1/U0/inst_blk_mem_gen/gnbram.gnativebmg.native_blk_mem_gen/valid.cstr/has_mux_a.A/douta[6]_INST_0_i_5_psbram_and_n   |                5 |              8 |
|  clock_IBUF_BUFG | inst1/U0/inst_blk_mem_gen/gnbram.gnativebmg.native_blk_mem_gen/valid.cstr/ramloop[19].ram.r/prim_init.ram/DEVICE_7SERIES.NO_BMM_INFO.SP.SIMPLE_PRIM36.ram_REGCEAREGCE_cooolgate_en_sig_21 | inst1/U0/inst_blk_mem_gen/gnbram.gnativebmg.native_blk_mem_gen/valid.cstr/has_mux_a.A/douta[6]_INST_0_i_8_psbram_and_n_2 |                3 |              8 |
|  clock_IBUF_BUFG | addr[16]_i_1_n_0                                                                                                                                                                          |                                                                                                                          |               10 |             17 |
|  clock_IBUF_BUFG |                                                                                                                                                                                           |                                                                                                                          |               88 |            228 |
+------------------+-------------------------------------------------------------------------------------------------------------------------------------------------------------------------------------------+--------------------------------------------------------------------------------------------------------------------------+------------------+----------------+


